current directory: /home/sonia/Documentos/Hackathon/HJackathon-Back/vendor/bundle/ruby/3.3.0/gems/psych-5.3.1/ext/psych
/usr/bin/ruby3.3 -I/usr/lib/ruby/vendor_ruby extconf.rb
checking for pkg-config for yaml-0.1... not found
checking for yaml.h... yes
checking for yaml_get_version() in -lyaml... yes
creating Makefile

current directory: /home/sonia/Documentos/Hackathon/HJackathon-Back/vendor/bundle/ruby/3.3.0/gems/psych-5.3.1/ext/psych
make DESTDIR\= sitearchdir\=./.gem.20260509-88842-jk21ts sitelibdir\=./.gem.20260509-88842-jk21ts clean
cd libyaml && make clean
/bin/sh: 1: cd: can't cd to libyaml
make: [Makefile:283: clean-so] Error 2 (no tiene efecto)

current directory: /home/sonia/Documentos/Hackathon/HJackathon-Back/vendor/bundle/ruby/3.3.0/gems/psych-5.3.1/ext/psych
make DESTDIR\= sitearchdir\=./.gem.20260509-88842-jk21ts sitelibdir\=./.gem.20260509-88842-jk21ts
compiling psych.c
compiling psych_emitter.c
compiling psych_parser.c
compiling psych_to_ruby.c
compiling psych_yaml_tree.c
linking shared-object psych.so

current directory: /home/sonia/Documentos/Hackathon/HJackathon-Back/vendor/bundle/ruby/3.3.0/gems/psych-5.3.1/ext/psych
make DESTDIR\= sitearchdir\=./.gem.20260509-88842-jk21ts sitelibdir\=./.gem.20260509-88842-jk21ts install
/usr/bin/install -c -m 0755 psych.so ./.gem.20260509-88842-jk21ts

current directory: /home/sonia/Documentos/Hackathon/HJackathon-Back/vendor/bundle/ruby/3.3.0/gems/psych-5.3.1/ext/psych
make DESTDIR\= sitearchdir\=./.gem.20260509-88842-jk21ts sitelibdir\=./.gem.20260509-88842-jk21ts clean
cd libyaml && make clean
/bin/sh: 1: cd: can't cd to libyaml
make: [Makefile:283: clean-so] Error 2 (no tiene efecto)
