current directory: /home/sonia/Documentos/Hackathon/HJackathon-Back/vendor/bundle/ruby/3.3.0/gems/date-3.5.1/ext/date
/usr/bin/ruby3.3 -I/usr/lib/ruby/vendor_ruby extconf.rb
checking for rb_category_warn()... yes
checking for timezone in time.h with  -Werror... yes
checking for altzone in time.h with  -Werror... no
creating Makefile

current directory: /home/sonia/Documentos/Hackathon/HJackathon-Back/vendor/bundle/ruby/3.3.0/gems/date-3.5.1/ext/date
make DESTDIR\= sitearchdir\=./.gem.20260509-88842-hr23iy sitelibdir\=./.gem.20260509-88842-hr23iy clean

current directory: /home/sonia/Documentos/Hackathon/HJackathon-Back/vendor/bundle/ruby/3.3.0/gems/date-3.5.1/ext/date
make DESTDIR\= sitearchdir\=./.gem.20260509-88842-hr23iy sitelibdir\=./.gem.20260509-88842-hr23iy
compiling date_core.c
compiling date_parse.c
compiling date_strftime.c
compiling date_strptime.c
linking shared-object date_core.so

current directory: /home/sonia/Documentos/Hackathon/HJackathon-Back/vendor/bundle/ruby/3.3.0/gems/date-3.5.1/ext/date
make DESTDIR\= sitearchdir\=./.gem.20260509-88842-hr23iy sitelibdir\=./.gem.20260509-88842-hr23iy install
/usr/bin/install -c -m 0755 date_core.so ./.gem.20260509-88842-hr23iy

current directory: /home/sonia/Documentos/Hackathon/HJackathon-Back/vendor/bundle/ruby/3.3.0/gems/date-3.5.1/ext/date
make DESTDIR\= sitearchdir\=./.gem.20260509-88842-hr23iy sitelibdir\=./.gem.20260509-88842-hr23iy clean
